// Jest Snapshot v1, https://goo.gl/fbAQLP

exports[`pruebas en <JournalEntry/> debe de mostrarse correctamente 1`] = `
<div
  className="journal__entry pointer animate__animated animate__fadeIn animate__fast"
  onClick={[Function]}
>
  <div
    className="journal__entry-picture"
    style={
      Object {
        "backgroundImage": "url(https://github.com)",
        "backgroundPosition": "center center",
        "backgroundSize": "cover",
      }
    }
  />
  <div
    className="journal__entry-body-date"
  >
    <div
      className="journal__entry-body"
    >
      <p
        className="journal__entry-title"
      >
        hola
      </p>
      <p
        className="journal__entry-content"
      >
        Mundo
      </p>
    </div>
    <div
      className="journal__entry-date-box"
    >
      <span>
        Thursday
      </span>
      <h4>
        1st
      </h4>
    </div>
  </div>
</div>
`;
