// Jest Snapshot v1, https://goo.gl/fbAQLP

exports[`pruebas en <HeroeScreen/> debe de mostrar el componente redirect si no hay argumentos en el URL 1`] = `""`;

exports[`pruebas en <HeroeScreen/> debe de mostrar un heroe si el par√°metro existe 1`] = `
<div
  className="row mt-5"
>
  <div
    className="col-4 animate__animated animate__fadeInLeft animate__faster"
  >
    <img
      alt="Spider Man"
      className="img-thumbnail"
      src="../assets/heroes/marvel-spider.jpg"
    />
  </div>
  <div
    className="col-8"
  >
    <h3>
      Spider Man
    </h3>
    <ul
      className="list-group list-group-flush"
    >
      <li
        className="list-group-item"
      >
        <b>
          Alter ego:
        </b>
         
        Peter Parker
      </li>
      <li
        className="list-group-item"
      >
        <b>
          Publisher:
        </b>
         
        Marvel Comics
      </li>
      <li
        className="list-group-item"
      >
        <b>
          First Appearance:
        </b>
         
        Amazing Fantasy #15
      </li>
    </ul>
    <h5>
      Characters:
    </h5>
    <p>
      Peter Parker
    </p>
    <button
      className="btn btn-outline-info"
      onClick={[Function]}
    >
      Return
    </button>
  </div>
</div>
`;
