// Jest Snapshot v1, https://goo.gl/fbAQLP

exports[`pruebas en <TodoApp/> debe de mostrarse correctamente 1`] = `
<Fragment>
  <h4>
    Agregar TODO
  </h4>
  <hr />
  <form
    className="d-flex flex-column"
    onSubmit={[Function]}
  >
    <input
      autoComplete="off"
      className="form-control"
      name="description"
      onChange={[Function]}
      placeholder="Aprender..."
      type="text"
      value=""
    />
    <button
      className="btn btn-block btn-outline-primary mt-1"
      type="submit"
    >
      Agregar
    </button>
  </form>
</Fragment>
`;
