// Jest Snapshot v1, https://goo.gl/fbAQLP

exports[`Pruebas en <TodoLisItem/> debe de mostrarse corectamente 1`] = `
<li
  className="list-group-item"
  key="1"
>
  <p
    className="false"
    onClick={[Function]}
  >
    1
     - 
    Aprender React
  </p>
  <button
    className="btn btn-danger me-5"
    onClick={[Function]}
  >
    Borrar
  </button>
</li>
`;
