// Jest Snapshot v1, https://goo.gl/fbAQLP

exports[`pruebas en <HomeScreen/> debe de mostrarse correctamente 1`] = `
<div>
  <h1>
    Homescreen
  </h1>
  <hr />
  <pre>
    {
   "name": "Paco",
   "email": "paco@gmail.com"
}
  </pre>
</div>
`;
