// Jest Snapshot v1, https://goo.gl/fbAQLP

exports[`Pruebas en <RegisterScreen /> debe de mostrar correctamente 1`] = `
<div
  className="animate__animated animate__fadeIn animate__fast"
>
  <h3
    className="auth__title"
  >
    Register
  </h3>
  <form
    onSubmit={[Function]}
  >
    <input
      autoComplete="off"
      className="auth__input"
      name="name"
      onChange={[Function]}
      placeholder="Name"
      type="text"
      value="Hernando"
    />
    <input
      autoComplete="off"
      className="auth__input"
      name="email"
      onChange={[Function]}
      placeholder="Email"
      type="text"
      value="nando@gmail.com"
    />
    <input
      className="auth__input"
      name="password"
      onChange={[Function]}
      placeholder="Password"
      type="password"
      value="123456"
    />
    <input
      className="auth__input"
      name="password2"
      onChange={[Function]}
      placeholder="Confirm password"
      type="password"
      value="123456"
    />
    <button
      className="btn btn-primary btn-block"
      type="submit"
    >
      Register
    </button>
    <a
      className="mt-5 link"
      href="/auth/login"
      onClick={[Function]}
    >
      Already Registered?
    </a>
  </form>
</div>
`;
