// Jest Snapshot v1, https://goo.gl/fbAQLP

exports[`pruebas en <RealExampleRef/> debe mostrarse correctamente 1`] = `
<div>
  <h1>
    Real Example REf
  </h1>
  <hr />
  <button
    className="btn btn-primary mt-5"
    onClick={[Function]}
  >
    Show/hide
  </button>
</div>
`;
